fatfs_sd.c:27:13:SELECT	8	static
fatfs_sd.c:34:13:DESELECT	8	static
fatfs_sd.c:41:13:SPI_TxByte	16	static
fatfs_sd.c:48:13:SPI_TxBuffer	16	static
fatfs_sd.c:55:16:SPI_RxByte	24	static
fatfs_sd.c:67:13:SPI_RxBytePtr	16	static
fatfs_sd.c:77:16:SD_ReadyWait	16	static
fatfs_sd.c:93:13:SD_PowerOn	24	static
fatfs_sd.c:131:13:SD_PowerOff	4	static
fatfs_sd.c:137:16:SD_CheckPower	4	static
fatfs_sd.c:143:13:SD_RxDataBlock	24	static
fatfs_sd.c:172:13:SD_TxDataBlock	24	static
fatfs_sd.c:214:13:SD_SendCmd	24	static
fatfs_sd.c:253:9:SD_disk_initialize	32	static
fatfs_sd.c:353:9:SD_disk_status	16	static
fatfs_sd.c:360:9:SD_disk_read	24	static
fatfs_sd.c:402:9:SD_disk_write	24	static
fatfs_sd.c:457:9:SD_disk_ioctl	56	static
