main.c:81:1:__io_putchar	16	static
main.c:90:6:SDTimer_Handler	4	static
main.c:116:6:send_uart	24	static
main.c:123:5:bufsize	24	static
main.c:131:6:bufclear	16	static
main.c:148:5:main	8	static
main.c:303:6:SystemClock_Config	232	static
main.c:358:13:MX_SPI1_Init	8	static
main.c:398:13:MX_USART2_UART_Init	8	static
main.c:433:13:MX_GPIO_Init	48	static
main.c:466:6:StartMicroSDTask	16	static
main.c:487:6:HAL_TIM_PeriodElapsedCallback	16	static
main.c:504:6:Error_Handler	4	static,ignoring_inline_asm
