main.cpp:76:5:int main()	8	static
main.cpp:154:6:void SystemClock_Config()	232	static
main.cpp:208:13:void MX_USART2_UART_Init()	8	static
main.cpp:243:13:void MX_GPIO_Init()	48	static
main.cpp:276:6:void StartDefaultTask(void*)	16	static
main.cpp:297:6:void HAL_TIM_PeriodElapsedCallback(TIM_HandleTypeDef*)	16	static
main.cpp:314:6:void Error_Handler()	4	static,ignoring_inline_asm
main.cpp:323:1:void __static_initialization_and_destruction_0(int, int)	16	static
main.cpp:323:1:cpp)	8	static
main.cpp:323:1:cpp)	8	static
