ui.cpp:13:1:UIState::UIState(EnumState)	16	static
ui.cpp:14:1:UIState::~UIState()	16	static
ui.cpp:14:1:virtual UIState::~UIState()	16	static
ui.cpp:20:1:MainMenuState::MainMenuState()	16	static
ui.cpp:21:1:MainMenuState::~MainMenuState()	16	static
ui.cpp:21:1:virtual MainMenuState::~MainMenuState()	16	static
ui.cpp:23:6:virtual void MainMenuState::vEnter(UI*) const	16	static
ui.cpp:29:6:virtual void MainMenuState::vExit(UI*) const	16	static
ui.cpp:35:6:virtual void MainMenuState::vEventUp(UI*) const	16	static
ui.cpp:41:6:virtual void MainMenuState::vEventDown(UI*) const	16	static
ui.cpp:47:6:virtual void MainMenuState::vEventLeft(UI*) const	16	static
ui.cpp:53:6:virtual void MainMenuState::vEventRight(UI*) const	16	static
ui.cpp:60:29:void __tcf_0()	8	static
ui.cpp:58:16:static const UIState& MainMenuState::getInstance()	8	static
ui.cpp:66:1:MusicState::MusicState()	16	static
ui.cpp:67:1:MusicState::~MusicState()	16	static
ui.cpp:67:1:virtual MusicState::~MusicState()	16	static
ui.cpp:69:6:virtual void MusicState::vEnter(UI*) const	16	static
ui.cpp:75:6:virtual void MusicState::vExit(UI*) const	16	static
ui.cpp:81:6:virtual void MusicState::vEventUp(UI*) const	16	static
ui.cpp:87:6:virtual void MusicState::vEventDown(UI*) const	16	static
ui.cpp:93:6:virtual void MusicState::vEventLeft(UI*) const	16	static
ui.cpp:99:6:virtual void MusicState::vEventRight(UI*) const	16	static
ui.cpp:110:1:ProfileState::ProfileState()	16	static
ui.cpp:111:1:ProfileState::~ProfileState()	16	static
ui.cpp:111:1:virtual ProfileState::~ProfileState()	16	static
ui.cpp:113:6:virtual void ProfileState::vEnter(UI*) const	16	static
ui.cpp:119:6:virtual void ProfileState::vExit(UI*) const	16	static
ui.cpp:125:6:virtual void ProfileState::vEventUp(UI*) const	16	static
ui.cpp:131:6:virtual void ProfileState::vEventDown(UI*) const	16	static
ui.cpp:137:6:virtual void ProfileState::vEventLeft(UI*) const	16	static
ui.cpp:143:6:virtual void ProfileState::vEventRight(UI*) const	16	static
ui.cpp:152:1:SettingsState::SettingsState()	16	static
ui.cpp:153:1:SettingsState::~SettingsState()	16	static
ui.cpp:153:1:virtual SettingsState::~SettingsState()	16	static
ui.cpp:155:6:virtual void SettingsState::vEnter(UI*) const	16	static
ui.cpp:161:6:virtual void SettingsState::vExit(UI*) const	16	static
ui.cpp:167:6:virtual void SettingsState::vEventUp(UI*) const	16	static
ui.cpp:173:6:virtual void SettingsState::vEventDown(UI*) const	16	static
ui.cpp:179:6:virtual void SettingsState::vEventLeft(UI*) const	16	static
ui.cpp:185:6:virtual void SettingsState::vEventRight(UI*) const	16	static
ui.cpp:206:1:UI::UI()	16	static
ui.cpp:209:1:UI::UI(UART_HandleTypeDef*)	16	static
ui.cpp:215:1:UI::~UI()	16	static
ui.cpp:221:6:void UI::test() const	16	static
ui.cpp:235:6:void UI::vTransitionState(const UIState&)	16	static
ui.cpp:243:6:void UI::vPressUpButton()	16	static
ui.cpp:249:6:void UI::vPressDownButton()	16	static
ui.cpp:255:6:void UI::vPressLeftButton()	16	static
ui.cpp:261:6:void UI::vPressRightButton()	16	static
