ui.h:169:7:void UI::DEBUG_PRINT_STATE()	16	static
ui.cpp:13:1:UIState::UIState()	16	static
ui.cpp:14:1:UIState::~UIState()	16	static
ui.cpp:14:1:virtual UIState::~UIState()	16	static
ui.cpp:20:1:MainMenuState::MainMenuState()	16	static
ui.cpp:21:1:MainMenuState::~MainMenuState()	16	static
ui.cpp:21:1:virtual MainMenuState::~MainMenuState()	16	static
ui.cpp:23:6:virtual void MainMenuState::vUpdate(UI*)	16	static
ui.cpp:29:6:virtual void MainMenuState::vEnter(UI*)	16	static
ui.cpp:35:6:virtual void MainMenuState::vExit(UI*)	16	static
ui.cpp:41:6:virtual void MainMenuState::vEventUp(UI*)	16	static
ui.cpp:47:6:virtual void MainMenuState::vEventDown(UI*)	16	static
ui.cpp:53:6:virtual void MainMenuState::vEventLeft(UI*)	16	static
ui.cpp:59:6:virtual void MainMenuState::vEventRight(UI*)	16	static
ui.cpp:78:6:void MainMenuState::vMoveUpStateOption()	16	static
ui.cpp:84:6:void MainMenuState::vMoveDownStateOption()	16	static
ui.cpp:92:6:void MainMenuState::DEBUG_PRINT_STATE_OPTION(UI*)	16	static
ui.cpp:121:1:MusicState::MusicState()	16	static
ui.cpp:122:1:MusicState::~MusicState()	16	static
ui.cpp:122:1:virtual MusicState::~MusicState()	16	static
ui.cpp:124:6:virtual void MusicState::vUpdate(UI*)	16	static
ui.cpp:129:6:virtual void MusicState::vEnter(UI*)	16	static
ui.cpp:135:6:virtual void MusicState::vExit(UI*)	16	static
ui.cpp:141:6:virtual void MusicState::vEventUp(UI*)	16	static
ui.cpp:147:6:virtual void MusicState::vEventDown(UI*)	16	static
ui.cpp:153:6:virtual void MusicState::vEventLeft(UI*)	16	static
ui.cpp:159:6:virtual void MusicState::vEventRight(UI*)	16	static
ui.cpp:168:1:ProfileState::ProfileState()	16	static
ui.cpp:169:1:ProfileState::~ProfileState()	16	static
ui.cpp:169:1:virtual ProfileState::~ProfileState()	16	static
ui.cpp:171:6:virtual void ProfileState::vUpdate(UI*)	16	static
ui.cpp:176:6:virtual void ProfileState::vEnter(UI*)	16	static
ui.cpp:182:6:virtual void ProfileState::vExit(UI*)	16	static
ui.cpp:188:6:virtual void ProfileState::vEventUp(UI*)	16	static
ui.cpp:194:6:virtual void ProfileState::vEventDown(UI*)	16	static
ui.cpp:200:6:virtual void ProfileState::vEventLeft(UI*)	16	static
ui.cpp:206:6:virtual void ProfileState::vEventRight(UI*)	16	static
ui.cpp:215:1:SettingsState::SettingsState()	16	static
ui.cpp:216:1:SettingsState::~SettingsState()	16	static
ui.cpp:216:1:virtual SettingsState::~SettingsState()	16	static
ui.cpp:218:6:virtual void SettingsState::vUpdate(UI*)	16	static
ui.cpp:223:6:virtual void SettingsState::vEnter(UI*)	16	static
ui.cpp:229:6:virtual void SettingsState::vExit(UI*)	16	static
ui.cpp:235:6:virtual void SettingsState::vEventUp(UI*)	16	static
ui.cpp:241:6:virtual void SettingsState::vEventDown(UI*)	16	static
ui.cpp:247:6:virtual void SettingsState::vEventLeft(UI*)	16	static
ui.cpp:253:6:virtual void SettingsState::vEventRight(UI*)	16	static
ui.cpp:262:1:UI::UI()	16	static
ui.cpp:266:1:UI::UI(UART_HandleTypeDef*)	16	static
ui.cpp:275:1:UI::~UI()	16	static
ui.cpp:284:6:void UI::vUpdate()	16	static
ui.cpp:294:10:UIState* UI::pxGetCurrentState()	16	static
ui.cpp:300:6:void UI::vTransitionState(UIState&)	16	static
ui.cpp:308:6:void UI::vPressUpButton()	16	static
ui.cpp:314:6:void UI::vPressDownButton()	16	static
ui.cpp:320:6:void UI::vPressLeftButton()	16	static
ui.cpp:326:6:void UI::vPressRightButton()	16	static
ui.cpp:333:6:void UI::vEXTI(uint16_t)	16	static
ui.cpp:360:16:MainMenuState& UI::xGetMainMenuState()	16	static
ui.cpp:365:13:MusicState& UI::xGetMusicState()	16	static
ui.cpp:370:15:ProfileState& UI::xGetProfileState()	16	static
ui.cpp:375:16:SettingsState& UI::xGetSettingsState()	16	static
ui.cpp:380:21:UART_HandleTypeDef* UI::pxGetUART()	16	static
