ui.cpp:13:1:UIState::UIState(EnumState)	16	static
ui.cpp:14:1:UIState::~UIState()	16	static
ui.cpp:14:1:virtual UIState::~UIState()	16	static
ui.cpp:20:1:MainMenuState::MainMenuState()	16	static
ui.cpp:21:1:MainMenuState::~MainMenuState()	16	static
ui.cpp:21:1:virtual MainMenuState::~MainMenuState()	16	static
ui.cpp:23:6:virtual void MainMenuState::vEnter(UI*) const	16	static
ui.cpp:29:6:virtual void MainMenuState::vExit(UI*) const	16	static
ui.cpp:35:6:virtual void MainMenuState::vEventUp(UI*) const	16	static
ui.cpp:41:6:virtual void MainMenuState::vEventDown(UI*) const	16	static
ui.cpp:47:6:virtual void MainMenuState::vEventLeft(UI*) const	16	static
ui.cpp:53:6:virtual void MainMenuState::vEventRight(UI*) const	16	static
ui.cpp:62:29:void __tcf_0()	8	static
ui.cpp:60:16:static const UIState& MainMenuState::getInstance()	8	static
ui.cpp:68:1:MusicState::MusicState()	16	static
ui.cpp:69:1:MusicState::~MusicState()	16	static
ui.cpp:69:1:virtual MusicState::~MusicState()	16	static
ui.cpp:71:6:virtual void MusicState::vEnter(UI*) const	16	static
ui.cpp:77:6:virtual void MusicState::vExit(UI*) const	16	static
ui.cpp:83:6:virtual void MusicState::vEventUp(UI*) const	16	static
ui.cpp:89:6:virtual void MusicState::vEventDown(UI*) const	16	static
ui.cpp:95:6:virtual void MusicState::vEventLeft(UI*) const	16	static
ui.cpp:101:6:virtual void MusicState::vEventRight(UI*) const	16	static
ui.cpp:112:1:ProfileState::ProfileState()	16	static
ui.cpp:113:1:ProfileState::~ProfileState()	16	static
ui.cpp:113:1:virtual ProfileState::~ProfileState()	16	static
ui.cpp:115:6:virtual void ProfileState::vEnter(UI*) const	16	static
ui.cpp:121:6:virtual void ProfileState::vExit(UI*) const	16	static
ui.cpp:127:6:virtual void ProfileState::vEventUp(UI*) const	16	static
ui.cpp:133:6:virtual void ProfileState::vEventDown(UI*) const	16	static
ui.cpp:139:6:virtual void ProfileState::vEventLeft(UI*) const	16	static
ui.cpp:145:6:virtual void ProfileState::vEventRight(UI*) const	16	static
ui.cpp:154:1:SettingsState::SettingsState()	16	static
ui.cpp:155:1:SettingsState::~SettingsState()	16	static
ui.cpp:155:1:virtual SettingsState::~SettingsState()	16	static
ui.cpp:157:6:virtual void SettingsState::vEnter(UI*) const	16	static
ui.cpp:163:6:virtual void SettingsState::vExit(UI*) const	16	static
ui.cpp:169:6:virtual void SettingsState::vEventUp(UI*) const	16	static
ui.cpp:175:6:virtual void SettingsState::vEventDown(UI*) const	16	static
ui.cpp:181:6:virtual void SettingsState::vEventLeft(UI*) const	16	static
ui.cpp:187:6:virtual void SettingsState::vEventRight(UI*) const	16	static
ui.cpp:208:1:UI::UI()	16	static
ui.cpp:211:1:UI::UI(UART_HandleTypeDef*)	16	static
ui.cpp:217:1:UI::~UI()	16	static
ui.cpp:223:6:void UI::test() const	16	static
ui.cpp:237:6:void UI::vTransitionState(const UIState&)	16	static
ui.cpp:245:6:void UI::vPressUpButton()	16	static
ui.cpp:251:6:void UI::vPressDownButton()	16	static
ui.cpp:257:6:void UI::vPressLeftButton()	16	static
ui.cpp:263:6:void UI::vPressRightButton()	16	static
