ui.cpp:13:1:UIState::UIState()	16	static
ui.cpp:14:1:UIState::~UIState()	16	static
ui.cpp:14:1:virtual UIState::~UIState()	16	static
ui.cpp:20:1:MainMenuState::MainMenuState()	16	static
ui.cpp:21:1:MainMenuState::~MainMenuState()	16	static
ui.cpp:21:1:virtual MainMenuState::~MainMenuState()	16	static
ui.cpp:23:6:virtual void MainMenuState::vUpdate(UI*)	16	static
ui.cpp:29:6:virtual void MainMenuState::vEnter(UI*)	16	static
ui.cpp:35:6:virtual void MainMenuState::vExit(UI*)	16	static
ui.cpp:41:6:virtual void MainMenuState::vEventUp(UI*)	16	static
ui.cpp:47:6:virtual void MainMenuState::vEventDown(UI*)	16	static
ui.cpp:53:6:virtual void MainMenuState::vEventLeft(UI*)	16	static
ui.cpp:59:6:virtual void MainMenuState::vEventRight(UI*)	16	static
ui.cpp:78:6:void MainMenuState::vMoveUpStateOption()	16	static
ui.cpp:84:6:void MainMenuState::vMoveDownStateOption()	16	static
ui.cpp:92:6:void MainMenuState::DEBUG_PRINT(UI*)	16	static
ui.cpp:123:1:MusicListState::MusicListState()	16	static
ui.cpp:124:1:MusicListState::~MusicListState()	16	static
ui.cpp:124:1:virtual MusicListState::~MusicListState()	16	static
ui.cpp:126:6:virtual void MusicListState::vUpdate(UI*)	16	static
ui.cpp:132:6:virtual void MusicListState::vEnter(UI*)	16	static
ui.cpp:138:6:virtual void MusicListState::vExit(UI*)	16	static
ui.cpp:144:6:virtual void MusicListState::vEventUp(UI*)	16	static
ui.cpp:150:6:virtual void MusicListState::vEventDown(UI*)	16	static
ui.cpp:156:6:virtual void MusicListState::vEventLeft(UI*)	16	static
ui.cpp:162:6:virtual void MusicListState::vEventRight(UI*)	16	static
ui.cpp:169:6:void MusicListState::DEBUG_PRINT(UI*)	16	static
ui.cpp:177:1:ProfileState::ProfileState()	16	static
ui.cpp:178:1:ProfileState::~ProfileState()	16	static
ui.cpp:178:1:virtual ProfileState::~ProfileState()	16	static
ui.cpp:180:6:virtual void ProfileState::vUpdate(UI*)	16	static
ui.cpp:186:6:virtual void ProfileState::vEnter(UI*)	16	static
ui.cpp:192:6:virtual void ProfileState::vExit(UI*)	16	static
ui.cpp:198:6:virtual void ProfileState::vEventUp(UI*)	16	static
ui.cpp:204:6:virtual void ProfileState::vEventDown(UI*)	16	static
ui.cpp:210:6:virtual void ProfileState::vEventLeft(UI*)	16	static
ui.cpp:216:6:virtual void ProfileState::vEventRight(UI*)	16	static
ui.cpp:223:6:void ProfileState::DEBUG_PRINT(UI*)	16	static
ui.cpp:231:1:SettingsState::SettingsState()	16	static
ui.cpp:232:1:SettingsState::~SettingsState()	16	static
ui.cpp:232:1:virtual SettingsState::~SettingsState()	16	static
ui.cpp:234:6:virtual void SettingsState::vUpdate(UI*)	16	static
ui.cpp:239:6:virtual void SettingsState::vEnter(UI*)	16	static
ui.cpp:245:6:virtual void SettingsState::vExit(UI*)	16	static
ui.cpp:251:6:virtual void SettingsState::vEventUp(UI*)	16	static
ui.cpp:257:6:virtual void SettingsState::vEventDown(UI*)	16	static
ui.cpp:263:6:virtual void SettingsState::vEventLeft(UI*)	16	static
ui.cpp:269:6:virtual void SettingsState::vEventRight(UI*)	16	static
ui.cpp:276:6:void SettingsState::DEBUG_PRINT(UI*)	16	static
ui.cpp:283:1:UI::UI()	16	static
ui.cpp:287:1:UI::UI(UART_HandleTypeDef*)	16	static
ui.cpp:296:1:UI::~UI()	16	static
ui.cpp:305:6:void UI::vUpdate()	16	static
ui.cpp:314:10:UIState* UI::pxGetCurrentState()	16	static
ui.cpp:320:6:void UI::vTransitionState(UIState&)	16	static
ui.cpp:328:6:void UI::vPressUpButton()	16	static
ui.cpp:334:6:void UI::vPressDownButton()	16	static
ui.cpp:340:6:void UI::vPressLeftButton()	16	static
ui.cpp:346:6:void UI::vPressRightButton()	16	static
ui.cpp:353:6:void UI::vEXTI(uint16_t)	16	static
ui.cpp:380:16:MainMenuState& UI::xGetMainMenuState()	16	static
ui.cpp:385:17:MusicListState& UI::xGetMusicListState()	16	static
ui.cpp:390:15:ProfileState& UI::xGetProfileState()	16	static
ui.cpp:395:16:SettingsState& UI::xGetSettingsState()	16	static
ui.cpp:400:21:UART_HandleTypeDef* UI::pxGetUART()	16	static
