main.c:111:6:HAL_TIM_IC_CaptureCallback	16	static
main.c:150:6:HCSR04_Read	8	static
main.c:165:5:main	8	static
main.c:261:6:SystemClock_Config	232	static
main.c:316:13:MX_TIM1_Init	40	static
main.c:370:13:MX_TIM2_Init	64	static
main.c:429:13:MX_USART2_UART_Init	8	static
main.c:464:13:MX_GPIO_Init	48	static
main.c:487:1:__io_putchar	16	static
main.c:501:6:StartUSensorInput	16	static
main.c:519:6:StartUSensorOutput	24	static
main.c:547:6:StartServo	24	static
main.c:589:6:HAL_TIM_PeriodElapsedCallback	16	static
main.c:606:6:Error_Handler	4	static,ignoring_inline_asm
