main.c:148:13:updateUltrasonicSensor	16	static
main.c:173:6:HAL_TIM_IC_CaptureCallback	24	static
main.c:217:5:main	8	static
main.c:318:6:SystemClock_Config	232	static
main.c:373:13:MX_TIM1_Init	40	static
main.c:427:13:MX_TIM2_Init	64	static
main.c:486:13:MX_TIM3_Init	48	static
main.c:539:13:MX_USART2_UART_Init	8	static
main.c:574:13:MX_GPIO_Init	48	static
main.c:597:4:__io_putchar	16	static
main.c:611:6:StartServoTask	24	static
main.c:651:6:StartPIDCalculateTask	24	static
main.c:675:6:HAL_TIM_PeriodElapsedCallback	16	static
main.c:692:6:Error_Handler	4	static,ignoring_inline_asm
