main.c:86:5:main	8	static
main.c:182:6:SystemClock_Config	232	static
main.c:245:13:MX_ADC1_Init	48	static
main.c:309:13:MX_USART2_UART_Init	8	static
main.c:342:13:MX_DMA_Init	16	static
main.c:363:13:MX_GPIO_Init	48	static
main.c:388:6:HAL_UART_RxHalfCpltCallback	24	static
main.c:396:6:HAL_UART_RxCpltCallback	24	static
main.c:410:6:HAL_UART_TxHalfCpltCallback	24	static
main.c:417:6:HAL_UART_TxCpltCallback	24	static
main.c:443:6:StartUARTTask	24	static
main.c:470:6:HAL_TIM_PeriodElapsedCallback	16	static
main.c:487:6:Error_Handler	4	static,ignoring_inline_asm
