main.c:83:1:__io_putchar	16	static
main.c:102:6:HAL_TIM_PWM_PulseFinishedCallback	16	static
main.c:111:6:Set_LED	24	static
main.c:123:6:Set_Brightness	40	static
main.c:147:6:WS2812B_Send	32	static
main.c:189:6:send	32	static
main.c:207:5:main	8	static
main.c:288:6:SystemClock_Config	232	static
main.c:343:13:MX_TIM1_Init	96	static
main.c:413:13:MX_USART2_UART_Init	8	static
main.c:446:13:MX_DMA_Init	16	static
main.c:464:13:MX_GPIO_Init	24	static
main.c:486:6:StartDefaultTask	16	static
main.c:523:6:HAL_TIM_PeriodElapsedCallback	16	static
main.c:540:6:Error_Handler	4	static,ignoring_inline_asm
