main.c:79:1:__io_putchar	16	static
main.c:98:6:HAL_TIM_PWM_PulseFinishedCallback	16	static
main.c:107:6:Set_LED	24	static
main.c:119:6:Set_Brightness	40	static
main.c:143:6:WS2812B_Send	32	static
main.c:185:6:send	32	static
main.c:203:5:main	8	static
main.c:284:6:SystemClock_Config	232	static
main.c:339:13:MX_TIM1_Init	96	static
main.c:409:13:MX_USART2_UART_Init	8	static
main.c:442:13:MX_DMA_Init	16	static
main.c:460:13:MX_GPIO_Init	24	static
main.c:482:6:StartDefaultTask	16	static
main.c:521:6:HAL_TIM_PeriodElapsedCallback	16	static
main.c:538:6:Error_Handler	4	static,ignoring_inline_asm
