main.c:94:5:main	16	static
main.c:179:6:SystemClock_Config	232	static
main.c:235:13:MX_USART1_UART_Init	8	static
main.c:270:13:MX_USART2_UART_Init	8	static
main.c:303:13:MX_DMA_Init	16	static
main.c:324:13:MX_GPIO_Init	48	static
main.c:347:1:__io_putchar	16	static
main.c:354:6:HAL_UART_RxCpltCallback	16	static
main.c:363:6:HAL_UART_TxCpltCallback	16	static,ignoring_inline_asm
main.c:378:6:StartUARTTask	16	static
main.c:419:6:HAL_TIM_PeriodElapsedCallback	16	static
main.c:436:6:Error_Handler	4	static,ignoring_inline_asm
