main.c:94:6:USER_UART_IRQHandler	16	static
main.c:108:6:USER_UART_IDLECallback	24	static
main.c:131:5:main	8	static
main.c:217:6:SystemClock_Config	232	static
main.c:273:13:MX_USART1_UART_Init	8	static
main.c:308:13:MX_USART2_UART_Init	8	static
main.c:341:13:MX_DMA_Init	16	static
main.c:362:13:MX_GPIO_Init	48	static
main.c:385:1:__io_putchar	16	static
main.c:519:6:StartUARTTask	16	static
main.c:542:6:HAL_TIM_PeriodElapsedCallback	16	static
main.c:559:6:Error_Handler	4	static,ignoring_inline_asm
