main.c:80:1:__io_putchar	16	static
main.c:100:5:main	8	static
main.c:182:6:SystemClock_Config	232	static
main.c:245:13:MX_ADC1_Init	48	static
main.c:309:13:MX_TIM1_Init	96	static
main.c:379:13:MX_USART2_UART_Init	8	static
main.c:414:13:MX_GPIO_Init	24	static
main.c:426:6:HAL_ADC_ConvHalfCpltCallback	16	static
main.c:431:6:HAL_ADC_ConvCpltCallback	16	static
main.c:446:6:StartSoundDemoTask	16	static
main.c:475:6:HAL_TIM_PeriodElapsedCallback	16	static
main.c:492:6:Error_Handler	4	static,ignoring_inline_asm
