main.c:96:1:__io_putchar	16	static
main.c:105:6:HAL_ADC_ConvCpltCallback	24	static
main.c:142:5:main	8	static
main.c:230:6:SystemClock_Config	232	static
main.c:293:13:MX_ADC1_Init	48	static
main.c:357:13:MX_TIM1_Init	96	static
main.c:427:13:MX_USART2_UART_Init	8	static
main.c:462:13:MX_GPIO_Init	24	static
main.c:484:6:StartDefaultTask	24	static
main.c:532:6:StartTickCaptureTask	24	static
main.c:560:6:StartStateTask	32	static
main.c:591:6:HAL_TIM_PeriodElapsedCallback	16	static
main.c:608:6:Error_Handler	4	static,ignoring_inline_asm
