stm32l4xx_it.c:78:6:NMI_Handler	4	static
stm32l4xx_it.c:93:6:HardFault_Handler	4	static
stm32l4xx_it.c:108:6:MemManage_Handler	4	static
stm32l4xx_it.c:123:6:BusFault_Handler	4	static
stm32l4xx_it.c:138:6:UsageFault_Handler	4	static
stm32l4xx_it.c:153:6:DebugMon_Handler	4	static
stm32l4xx_it.c:173:6:DMA1_Channel4_IRQHandler	8	static
stm32l4xx_it.c:187:6:DMA1_Channel5_IRQHandler	8	static
stm32l4xx_it.c:201:6:DMA1_Channel6_IRQHandler	8	static
stm32l4xx_it.c:214:6:DMA1_Channel7_IRQHandler	8	static
stm32l4xx_it.c:228:6:USART1_IRQHandler	8	static
stm32l4xx_it.c:242:6:USART2_IRQHandler	8	static
stm32l4xx_it.c:256:6:TIM6_DAC_IRQHandler	8	static
