thingspeak.c:24:6:USER_ThingSpeak_IRQHandler	16	static
thingspeak.c:35:6:HAL_UART_RxCpltCallback	16	static
thingspeak.c:44:6:HAL_UART_TxCpltCallback	16	static,ignoring_inline_asm
thingspeak.c:53:6:vStartThingSpeakTask	24	static
thingspeak.c:88:6:vStartProcMessageTask	24	static
thingspeak.c:111:6:vInitThingSpeak	24	static
thingspeak.c:144:6:vRefreshThingSpeak	16	static
thingspeak.c:162:6:USER_UART_IDLECallback	32	static,ignoring_inline_asm
thingspeak.c:175:9:bParseMessage	72	static
thingspeak.c:292:9:bEndMatch	16	static
thingspeak.c:299:9:bCommandMatch	24	static
thingspeak.c:305:9:bCommandSplitMatch	24	static
thingspeak.c:315:9:bCommandSubMatch	24	static
thingspeak.c:321:9:bCommandSplitSubMatch	40	dynamic
thingspeak.c:339:6:vHandleCandidateCommand	24	static
thingspeak.c:379:6:vHandleCandidateCommandSplit	32	static
thingspeak.c:421:9:bTransmitCommand	24	static
thingspeak.c:436:9:bReceiveThingSpeakCommand	32	static
thingspeak.c:468:9:bTransmitThingSpeakData	168	static
thingspeak.c:498:9:bTransmitElephantSQLData	344	static
