bme280.c:24:6:BME280_SPI_vInit	24	static
bme280.c:42:19:BME280_SPI_vSetMode	16	static
bme280.c:58:6:BME280_SPI_vReadChipID	24	static
bme280.c:73:6:BME280_SPI_vReadCalibrationData	24	static
bme280.c:101:6:BME280_SPI_vMeasureForced	24	static
bme280.c:127:6:BME280_SPI_vMeasureAllForced	16	static
bme280.c:134:6:BME280_SPI_vReadRawData	16	static
bme280.c:163:6:BME280_I2C_vInit	24	static
bme280.c:182:9:BME280_I2C_vReadChipID	40	static
bme280.c:194:6:BME280_I2C_vReadCalibrationData	40	static
bme280.c:221:6:BME280_I2C_vMeasureForced	40	static
bme280.c:235:6:BME280_I2C_vMeasureAllForced	16	static
bme280.c:242:6:BME280_I2C_vReadRawData	32	static
bme280.c:263:9:BME280_lCalculateTemperatureFine	40	static
bme280.c:284:9:BME280_lCompensateTemperatureData	24	static
bme280.c:300:10:BME280_ulCompensatePressureData	232	static
bme280.c:343:10:BME280_ulCompensateHumidityData	56	static
bme280.c:373:7:BME280_fCompensateTemperatureData	24	static
bme280.c:389:7:BME280_fCompensatePressureData	80	static
bme280.c:428:7:BME280_fCompensateHumidityData	80	static
bme280.c:459:6:BME280_Debug_vPrintRawData	16	static
bme280.c:467:6:BME280_Debug_vPrintCalibrationData	16	static
bme280.c:493:6:BME280_Debug_vPrintlCompensatedData	32	static
bme280.c:506:6:BME280_Debug_vPrintfCompensatedData	32	static
