bme280.c:24:6:BME280_SPI_vInit	24	static
bme280.c:42:19:BME280_SPI_vSetMode	16	static
bme280.c:56:6:BME280_SPI_vReadChipID	24	static
bme280.c:71:6:BME280_SPI_vReadCalibrationData	16	static
bme280.c:83:6:BME280_vInit	24	static
bme280.c:101:6:BME280_vReadCalibrationData	40	static
bme280.c:128:9:BME280_vReadChipID	40	static
bme280.c:137:6:BME280_vMeasureAllForced	32	static
bme280.c:148:6:BME280_vMeasureForced	40	static
bme280.c:162:6:BME280_vReadRawData	32	static
bme280.c:183:9:BME280_lCalculateTemperatureFine	40	static
bme280.c:204:9:BME280_lCompensateTemperatureData	24	static
bme280.c:220:10:BME280_ulCompensatePressureData	232	static
bme280.c:263:10:BME280_ulCompensateHumidityData	56	static
bme280.c:293:7:BME280_fCompensateTemperatureData	24	static
bme280.c:309:7:BME280_fCompensatePressureData	80	static
bme280.c:348:7:BME280_fCompensateHumidityData	80	static
bme280.c:379:6:BME280_vPrintRawData	16	static
bme280.c:387:6:BME280_vPrintCalibrationData	16	static
bme280.c:413:6:BME280_vPrintlCompensatedData	32	static
bme280.c:426:6:BME280_vPrintfCompensatedData	32	static
