UARTRingBuffer.c:20:6:vInitUARTRingBuffers	8	static
UARTRingBuffer.c:26:6:vISRUART	32	static
UARTRingBuffer.c:89:6:vInitUARTRingBuffer	16	static
UARTRingBuffer.c:107:6:vPutCharRXBuffer	24	static
UARTRingBuffer.c:124:6:vPutCharTXBuffer	24	static
UARTRingBuffer.c:140:9:xReadUART	24	static
UARTRingBuffer.c:157:9:xWriteUART	24	static
UARTRingBuffer.c:185:9:xWriteStringUART	16	static
UARTRingBuffer.c:194:10:uGetNumReadableCharRXBuffer	16	static
UARTRingBuffer.c:201:9:xPeek	16	static
UARTRingBuffer.c:210:6:vFlushRXUART	16	static
